2025-11-29 21:16:36,738 [INFO] Activator:176 - 


2025-11-29 21:16:36,742 [INFO] Activator:177 - !SESSION log4j initialized
2025-11-29 21:16:44,273 [INFO] LogOutputStream:77 - [STDOUT_REDIRECT] 
2025-11-29 21:16:51,514 [INFO] ApplicationProperties:184 - Using Application install path: C:\ST\STM32CubeIDE_1.19.0\STM32CubeIDE\plugins\com.st.stm32cube.common.mx_6.15.0.202507011659
2025-11-29 21:16:51,574 [INFO] DbMcusXml:78 - Set database path to: C:\ST\STM32CubeIDE_1.19.0\STM32CubeIDE\plugins\com.st.stm32cube.common.mx_6.15.0.202507011659\\db\/mcu/
2025-11-29 21:16:51,576 [INFO] ApiDb:274 - Set plugin database path to: C:\ST\STM32CubeIDE_1.19.0\STM32CubeIDE\plugins\com.st.stm32cube.common.mx_6.15.0.202507011659\\db\/plugins/boardmanager/
2025-11-29 21:16:51,577 [WARN] ApiDb:259 - Overriding images path with different value:  => C:\ST\STM32CubeIDE_1.19.0\STM32CubeIDE\plugins\com.st.stm32cube.common.mx_6.15.0.202507011659\\db\/plugins/mcufinder/images/
2025-11-29 21:16:51,599 [INFO] ApiDb:250 - Set database path to: C:\Users\24dvi\.stmcufinder\plugins\mcufinder//mcu/
2025-11-29 21:16:51,603 [INFO] DbMcusAds:125 - Set database path to: C:\Users\24dvi\.stmcufinder\plugins\mcufinder//mcu/
2025-11-29 21:16:51,609 [INFO] CrossReferenceDbSqlite:203 - Set database path to: C:\Users\24dvi\.stmcufinder\plugins\mcufinder//mcu/cs/
2025-11-29 21:16:51,973 [INFO] RulesReader:64 - Compatibility file has been processed (317 Rules)
2025-11-29 21:16:52,257 [INFO] DbMcusXml:78 - Set database path to: C:\ST\STM32CubeIDE_1.19.0\STM32CubeIDE\plugins\com.st.stm32cube.common.mx_6.15.0.202507011659\\db\/mcu/
2025-11-29 21:16:52,258 [INFO] ApiDb:274 - Set plugin database path to: C:\ST\STM32CubeIDE_1.19.0\STM32CubeIDE\plugins\com.st.stm32cube.common.mx_6.15.0.202507011659\\db\/plugins/boardmanager/
2025-11-29 21:16:52,258 [INFO] ApiDb:261 - Set plugin images path to: C:\ST\STM32CubeIDE_1.19.0\STM32CubeIDE\plugins\com.st.stm32cube.common.mx_6.15.0.202507011659\\db\/plugins/mcufinder/images/
2025-11-29 21:16:52,258 [WARN] DbFile:41 - Overriding database path with different value: C:\Users\24dvi\.stmcufinder\plugins\mcufinder/ => C:\Users\24dvi\.stmcufinder\plugins\mcufinder
2025-11-29 21:16:52,259 [INFO] ApiDb:250 - Set database path to: C:\Users\24dvi\.stmcufinder\plugins\mcufinder//mcu/
2025-11-29 21:16:52,259 [WARN] DbFile:41 - Overriding database path with different value: C:\Users\24dvi\.stmcufinder\plugins\mcufinder/ => C:\Users\24dvi\.stmcufinder\plugins\mcufinder
2025-11-29 21:16:52,259 [INFO] DbMcusAds:125 - Set database path to: C:\Users\24dvi\.stmcufinder\plugins\mcufinder//mcu/
2025-11-29 21:16:52,259 [WARN] DbFile:41 - Overriding database path with different value: C:\Users\24dvi\.stmcufinder\plugins\mcufinder/ => C:\Users\24dvi\.stmcufinder\plugins\mcufinder
2025-11-29 21:16:52,260 [WARN] DbFile:41 - Overriding database path with different value: C:\Users\24dvi\.stmcufinder\plugins\mcufinder/ => C:\Users\24dvi\.stmcufinder\plugins\mcufinder
2025-11-29 21:16:52,260 [INFO] CrossReferenceDbSqlite:203 - Set database path to: C:\Users\24dvi\.stmcufinder\plugins\mcufinder//mcu/cs/
2025-11-29 21:16:52,544 [INFO] MainPanel:274 - HeapMemory: 268435456
2025-11-29 21:16:52,846 [INFO] DbMcusXml:78 - Set database path to: C:\ST\STM32CubeIDE_1.19.0\STM32CubeIDE\plugins\com.st.stm32cube.common.mx_6.15.0.202507011659\\db\/mcu/
2025-11-29 21:16:52,846 [INFO] ApiDb:274 - Set plugin database path to: C:\ST\STM32CubeIDE_1.19.0\STM32CubeIDE\plugins\com.st.stm32cube.common.mx_6.15.0.202507011659\\db\/plugins/boardmanager/
2025-11-29 21:16:52,846 [INFO] ApiDb:261 - Set plugin images path to: C:\ST\STM32CubeIDE_1.19.0\STM32CubeIDE\plugins\com.st.stm32cube.common.mx_6.15.0.202507011659\\db\/plugins/mcufinder/images/
2025-11-29 21:16:52,847 [WARN] DbFile:41 - Overriding database path with different value: C:\Users\24dvi\.stmcufinder\plugins\mcufinder/ => C:\Users\24dvi\.stmcufinder\plugins\mcufinder
2025-11-29 21:16:52,848 [INFO] ApiDb:250 - Set database path to: C:\Users\24dvi\.stmcufinder\plugins\mcufinder//mcu/
2025-11-29 21:16:52,848 [WARN] DbFile:41 - Overriding database path with different value: C:\Users\24dvi\.stmcufinder\plugins\mcufinder/ => C:\Users\24dvi\.stmcufinder\plugins\mcufinder
2025-11-29 21:16:52,848 [INFO] DbMcusAds:125 - Set database path to: C:\Users\24dvi\.stmcufinder\plugins\mcufinder//mcu/
2025-11-29 21:16:52,849 [WARN] DbFile:41 - Overriding database path with different value: C:\Users\24dvi\.stmcufinder\plugins\mcufinder/ => C:\Users\24dvi\.stmcufinder\plugins\mcufinder
2025-11-29 21:16:52,849 [WARN] DbFile:41 - Overriding database path with different value: C:\Users\24dvi\.stmcufinder\plugins\mcufinder/ => C:\Users\24dvi\.stmcufinder\plugins\mcufinder
2025-11-29 21:16:52,849 [INFO] CrossReferenceDbSqlite:203 - Set database path to: C:\Users\24dvi\.stmcufinder\plugins\mcufinder//mcu/cs/
2025-11-29 21:16:52,894 [INFO] ApplicationProperties:184 - Using Application install path: C:\ST\STM32CubeIDE_1.19.0\STM32CubeIDE\plugins\com.st.stm32cube.common.mx_6.15.0.202507011659
2025-11-29 21:16:52,897 [INFO] PluginManage:196 - Search for loadable plugins [exclusion list=, ]
2025-11-29 21:16:52,901 [INFO] PluginManage:310 - Check plugin analytics
2025-11-29 21:16:53,762 [INFO] AnalyticsPlugin:253 - Accepted Software Licenses: 
2025-11-29 21:16:53,764 [INFO] AnalyticsPlugin:255 - Accepted CMSIS Pack Licenses: 
2025-11-29 21:16:53,765 [INFO] AnalyticsPlugin:257 - Accepted Firmware Licenses: 
2025-11-29 21:16:53,770 [INFO] PluginManage:359 - Loaded plugin analytics (category:tool,tabindex:-1)
2025-11-29 21:16:53,770 [INFO] PluginManage:310 - Check plugin cadmodel
2025-11-29 21:16:53,792 [INFO] CADModel:105 - Init CAD model plugin
2025-11-29 21:16:53,792 [INFO] PluginManage:359 - Loaded plugin cadmodel (category:power,tabindex:5)
2025-11-29 21:16:53,793 [INFO] PluginManage:310 - Check plugin clock
2025-11-29 21:16:53,880 [INFO] PluginManage:359 - Loaded plugin clock (category:base,tabindex:2)
2025-11-29 21:16:53,912 [INFO] PluginManage:310 - Check plugin ddr
2025-11-29 21:16:53,956 [INFO] PluginManage:359 - Loaded plugin ddr (category:tool,tabindex:6)
2025-11-29 21:16:53,964 [INFO] PluginManage:310 - Check plugin filemanager
2025-11-29 21:16:54,348 [INFO] PluginManage:359 - Loaded plugin filemanager (category:base,tabindex:10)
2025-11-29 21:16:54,349 [INFO] PluginManage:310 - Check plugin ipmanager
2025-11-29 21:16:54,364 [INFO] PluginManage:359 - Loaded plugin ipmanager (category:base,tabindex:5)
2025-11-29 21:16:54,364 [INFO] PluginManage:310 - Check plugin lpbam
2025-11-29 21:16:54,385 [INFO] PluginManage:359 - Loaded plugin lpbam (category:base,tabindex:0)
2025-11-29 21:16:54,386 [INFO] PluginManage:310 - Check plugin memorymap
2025-11-29 21:16:54,422 [INFO] PluginManage:359 - Loaded plugin memorymap (category:base,tabindex:4)
2025-11-29 21:16:54,422 [INFO] PluginManage:310 - Check plugin pinoutandconfiguration
2025-11-29 21:16:54,448 [INFO] PluginManage:359 - Loaded plugin pinoutandconfiguration (category:base,tabindex:1)
2025-11-29 21:16:54,448 [INFO] PluginManage:310 - Check plugin pinoutconfig
2025-11-29 21:16:54,682 [WARN] SupportedApi:132 - Cannot load RTOS API schema: s4s-elt-must-match.1: The content of 'definitions' must match (annotation?, (simpleType | complexType)?, (unique | key | keyref)*)). A problem was found starting at: attribute.
2025-11-29 21:16:55,202 [INFO] PluginManage:359 - Loaded plugin pinoutconfig (category:base,tabindex:0)
2025-11-29 21:16:55,203 [INFO] PluginManage:310 - Check plugin power
2025-11-29 21:16:55,230 [INFO] PluginManage:359 - Loaded plugin power (category:power,tabindex:4)
2025-11-29 21:16:55,230 [INFO] PluginManage:310 - Check plugin projectmanager
2025-11-29 21:16:55,274 [INFO] PluginManage:359 - Loaded plugin projectmanager (category:projectmanager,tabindex:4)
2025-11-29 21:16:55,274 [INFO] PluginManage:310 - Check plugin rif
2025-11-29 21:16:55,305 [INFO] PluginManage:359 - Loaded plugin rif (category:base,tabindex:3)
2025-11-29 21:16:55,306 [INFO] PluginManage:310 - Check plugin thirdparty
2025-11-29 21:16:55,865 [INFO] PluginManage:359 - Loaded plugin thirdparty (category:base,tabindex:-1)
2025-11-29 21:16:55,866 [INFO] PluginManage:310 - Check plugin tools
2025-11-29 21:16:55,866 [WARN] IntegrityCheckThread:84 - waiting for thirdparty lock release [integrity check]
2025-11-29 21:16:55,867 [INFO] IntegrityCheckThread:86 - entering critical section [integrity check]
2025-11-29 21:16:55,868 [INFO] ThirdPartyUpdaterWithRetryManager:70 - Updater plugin not ready yet. [1/15]
2025-11-29 21:16:55,885 [INFO] PluginManage:359 - Loaded plugin tools (category:base,tabindex:7)
2025-11-29 21:16:55,885 [INFO] PluginManage:310 - Check plugin tutovideos
2025-11-29 21:16:56,515 [INFO] PluginManage:359 - Loaded plugin tutovideos (category:base,tabindex:-1)
2025-11-29 21:16:56,516 [INFO] PluginManage:310 - Check plugin updater
2025-11-29 21:16:56,593 [INFO] PluginManage:359 - Loaded plugin updater (category:base,tabindex:12)
2025-11-29 21:16:56,594 [INFO] PluginManage:310 - Check plugin userauth
2025-11-29 21:16:56,612 [INFO] UserAuth:118 - Init User Auth plugin
2025-11-29 21:16:56,614 [INFO] PluginManage:359 - Loaded plugin userauth (category:base,tabindex:14)
2025-11-29 21:16:56,615 [INFO] PluginManage:283 - PluginManage : Loaded plugins [18]
2025-11-29 21:16:57,174 [INFO] PinOutPanel:1589 - setPackage(No Configuration,No Configuration)
2025-11-29 21:16:57,486 [INFO] CADModel:165 - CPN selected for project level
2025-11-29 21:16:57,487 [INFO] CADModel:114 - Register for checkConnection events
2025-11-29 21:16:57,614 [INFO] IPUIPlugin:80 - create IPUIPlugin
2025-11-29 21:16:57,615 [INFO] PluginManager:220 - loadIPPluginJar : add adc
2025-11-29 21:16:57,625 [INFO] IPUIPlugin:80 - create IPUIPlugin
2025-11-29 21:16:57,625 [INFO] PluginManager:220 - loadIPPluginJar : add aes
2025-11-29 21:16:57,638 [INFO] IPUIPlugin:80 - create IPUIPlugin
2025-11-29 21:16:57,639 [INFO] PluginManager:220 - loadIPPluginJar : add can
2025-11-29 21:16:57,644 [INFO] IPUIPlugin:80 - create IPUIPlugin
2025-11-29 21:16:57,644 [INFO] PluginManager:220 - loadIPPluginJar : add comp
2025-11-29 21:16:57,650 [INFO] IPUIPlugin:80 - create IPUIPlugin
2025-11-29 21:16:57,650 [INFO] PluginManager:220 - loadIPPluginJar : add cryp
2025-11-29 21:16:57,702 [INFO] IPUIPlugin:80 - create IPUIPlugin
2025-11-29 21:16:57,702 [INFO] PluginManager:220 - loadIPPluginJar : add ddr_ctrl_phy
2025-11-29 21:16:57,708 [INFO] IPUIPlugin:80 - create IPUIPlugin
2025-11-29 21:16:57,709 [INFO] PluginManager:220 - loadIPPluginJar : add dfsdm
2025-11-29 21:16:57,722 [INFO] IPUIPlugin:80 - create IPUIPlugin
2025-11-29 21:16:57,723 [INFO] PluginManager:220 - loadIPPluginJar : add dma
2025-11-29 21:16:57,733 [INFO] IPUIPlugin:80 - create IPUIPlugin
2025-11-29 21:16:57,733 [INFO] PluginManager:220 - loadIPPluginJar : add dma3
2025-11-29 21:16:57,742 [INFO] IPUIPlugin:80 - create IPUIPlugin
2025-11-29 21:16:57,742 [INFO] PluginManager:220 - loadIPPluginJar : add extmemmanager
2025-11-29 21:16:57,748 [INFO] IPUIPlugin:80 - create IPUIPlugin
2025-11-29 21:16:57,748 [INFO] PluginManager:220 - loadIPPluginJar : add fatfs
2025-11-29 21:16:57,761 [INFO] IPUIPlugin:80 - create IPUIPlugin
2025-11-29 21:16:57,762 [INFO] PluginManager:220 - loadIPPluginJar : add fmc
2025-11-29 21:16:57,827 [INFO] IPUIPlugin:80 - create IPUIPlugin
2025-11-29 21:16:57,828 [INFO] PluginManager:220 - loadIPPluginJar : add freertos
2025-11-29 21:16:57,832 [INFO] IPUIPlugin:80 - create IPUIPlugin
2025-11-29 21:16:57,833 [INFO] PluginManager:220 - loadIPPluginJar : add genericplugin
2025-11-29 21:16:57,845 [INFO] IPUIPlugin:80 - create IPUIPlugin
2025-11-29 21:16:57,846 [INFO] PluginManager:220 - loadIPPluginJar : add gfxmmu
2025-11-29 21:16:57,858 [INFO] IPUIPlugin:80 - create IPUIPlugin
2025-11-29 21:16:57,859 [INFO] PluginManager:220 - loadIPPluginJar : add gic
2025-11-29 21:16:57,870 [INFO] IPUIPlugin:80 - create IPUIPlugin
2025-11-29 21:16:57,871 [INFO] PluginManager:220 - loadIPPluginJar : add gpio
2025-11-29 21:16:57,879 [INFO] IPUIPlugin:80 - create IPUIPlugin
2025-11-29 21:16:57,880 [INFO] PluginManager:220 - loadIPPluginJar : add gtzc
2025-11-29 21:16:57,889 [INFO] IPUIPlugin:80 - create IPUIPlugin
2025-11-29 21:16:57,889 [INFO] PluginManager:220 - loadIPPluginJar : add hash
2025-11-29 21:16:57,898 [INFO] IPUIPlugin:80 - create IPUIPlugin
2025-11-29 21:16:57,898 [INFO] PluginManager:220 - loadIPPluginJar : add i2c
2025-11-29 21:16:57,907 [INFO] IPUIPlugin:80 - create IPUIPlugin
2025-11-29 21:16:57,908 [INFO] PluginManager:220 - loadIPPluginJar : add i2s
2025-11-29 21:16:57,924 [INFO] IPUIPlugin:80 - create IPUIPlugin
2025-11-29 21:16:57,925 [INFO] PluginManager:220 - loadIPPluginJar : add i3c
2025-11-29 21:16:57,933 [INFO] IPUIPlugin:80 - create IPUIPlugin
2025-11-29 21:16:57,934 [INFO] PluginManager:220 - loadIPPluginJar : add ipddr
2025-11-29 21:16:57,949 [INFO] IPUIPlugin:80 - create IPUIPlugin
2025-11-29 21:16:57,949 [INFO] PluginManager:220 - loadIPPluginJar : add linkedlist
2025-11-29 21:16:57,958 [INFO] IPUIPlugin:80 - create IPUIPlugin
2025-11-29 21:16:57,958 [INFO] PluginManager:220 - loadIPPluginJar : add lorawan
2025-11-29 21:16:57,967 [INFO] IPUIPlugin:80 - create IPUIPlugin
2025-11-29 21:16:57,967 [INFO] PluginManager:220 - loadIPPluginJar : add ltdc
2025-11-29 21:16:57,994 [INFO] IPUIPlugin:80 - create IPUIPlugin
2025-11-29 21:16:57,994 [INFO] PluginManager:220 - loadIPPluginJar : add mdma
2025-11-29 21:16:58,006 [INFO] IPUIPlugin:80 - create IPUIPlugin
2025-11-29 21:16:58,007 [INFO] PluginManager:220 - loadIPPluginJar : add nvic
2025-11-29 21:16:58,017 [INFO] IPUIPlugin:80 - create IPUIPlugin
2025-11-29 21:16:58,017 [INFO] PluginManager:220 - loadIPPluginJar : add opamp
2025-11-29 21:16:58,025 [INFO] IPUIPlugin:80 - create IPUIPlugin
2025-11-29 21:16:58,025 [INFO] PluginManager:220 - loadIPPluginJar : add openamp
2025-11-29 21:16:58,034 [INFO] IPUIPlugin:80 - create IPUIPlugin
2025-11-29 21:16:58,034 [INFO] PluginManager:220 - loadIPPluginJar : add pdm2pcm
2025-11-29 21:16:58,050 [INFO] IPUIPlugin:80 - create IPUIPlugin
2025-11-29 21:16:58,056 [INFO] PluginManager:220 - loadIPPluginJar : add plateformsettings
2025-11-29 21:16:58,061 [INFO] IPUIPlugin:80 - create IPUIPlugin
2025-11-29 21:16:58,061 [INFO] PluginManager:220 - loadIPPluginJar : add quadspi
2025-11-29 21:16:58,066 [INFO] IPUIPlugin:80 - create IPUIPlugin
2025-11-29 21:16:58,067 [INFO] PluginManager:220 - loadIPPluginJar : add radio
2025-11-29 21:16:58,076 [INFO] IPUIPlugin:80 - create IPUIPlugin
2025-11-29 21:16:58,077 [INFO] PluginManager:220 - loadIPPluginJar : add resmgrutility
2025-11-29 21:16:58,084 [INFO] IPUIPlugin:80 - create IPUIPlugin
2025-11-29 21:16:58,085 [INFO] PluginManager:220 - loadIPPluginJar : add sai
2025-11-29 21:16:58,091 [INFO] IPUIPlugin:80 - create IPUIPlugin
2025-11-29 21:16:58,091 [INFO] PluginManager:220 - loadIPPluginJar : add spi
2025-11-29 21:16:58,106 [INFO] IPUIPlugin:80 - create IPUIPlugin
2025-11-29 21:16:58,107 [INFO] PluginManager:220 - loadIPPluginJar : add stm32_wpan
2025-11-29 21:16:58,112 [INFO] IPUIPlugin:80 - create IPUIPlugin
2025-11-29 21:16:58,113 [INFO] PluginManager:220 - loadIPPluginJar : add tim
2025-11-29 21:16:58,121 [INFO] IPUIPlugin:80 - create IPUIPlugin
2025-11-29 21:16:58,122 [INFO] PluginManager:220 - loadIPPluginJar : add touchsensing
2025-11-29 21:16:58,127 [INFO] IPUIPlugin:80 - create IPUIPlugin
2025-11-29 21:16:58,127 [INFO] PluginManager:220 - loadIPPluginJar : add tracer_emb
2025-11-29 21:16:58,131 [INFO] IPUIPlugin:80 - create IPUIPlugin
2025-11-29 21:16:58,132 [INFO] PluginManager:220 - loadIPPluginJar : add ts
2025-11-29 21:16:58,141 [INFO] IPUIPlugin:80 - create IPUIPlugin
2025-11-29 21:16:58,141 [INFO] PluginManager:220 - loadIPPluginJar : add tsc
2025-11-29 21:16:58,172 [INFO] IPUIPlugin:80 - create IPUIPlugin
2025-11-29 21:16:58,172 [INFO] PluginManager:220 - loadIPPluginJar : add ucpd
2025-11-29 21:16:58,182 [INFO] IPUIPlugin:80 - create IPUIPlugin
2025-11-29 21:16:58,183 [INFO] PluginManager:220 - loadIPPluginJar : add usart
2025-11-29 21:16:58,206 [INFO] IPUIPlugin:80 - create IPUIPlugin
2025-11-29 21:16:58,206 [INFO] PluginManager:220 - loadIPPluginJar : add usbx
2025-11-29 21:16:58,485 [FATAL] Updater:351 - Updater called before beeing initialized
2025-11-29 21:16:58,596 [INFO] RulesReader:64 - Compatibility file has been processed (317 Rules)
2025-11-29 21:16:58,659 [INFO] RulesReader:64 - Compatibility file has been processed (317 Rules)
2025-11-29 21:16:58,844 [INFO] CADModel:165 - CPN selected for project level
2025-11-29 21:16:58,844 [INFO] CADModel:114 - Register for checkConnection events
2025-11-29 21:16:58,845 [FATAL] Updater:351 - Updater called before beeing initialized
2025-11-29 21:16:58,845 [ERROR] CADModel:125 - Updater not yet initialized, retry later 
2025-11-29 21:16:58,878 [INFO] ThirdPartyUpdaterWithRetryManager:70 - Updater plugin not ready yet. [2/15]
2025-11-29 21:16:59,524 [FATAL] Updater:351 - Updater called before beeing initialized
2025-11-29 21:16:59,528 [INFO] CADModel:165 - CPN selected for project level
2025-11-29 21:16:59,530 [INFO] CADModel:114 - Register for checkConnection events
2025-11-29 21:16:59,531 [FATAL] Updater:351 - Updater called before beeing initialized
2025-11-29 21:16:59,532 [ERROR] CADModel:125 - Updater not yet initialized, retry later 
2025-11-29 21:16:59,539 [FATAL] Updater:351 - Updater called before beeing initialized
2025-11-29 21:16:59,967 [FATAL] Updater:351 - Updater called before beeing initialized
2025-11-29 21:16:59,979 [INFO] DbMcusAds:53 - JSON generation date=Tue Nov 25 19:38:32 IST 2025 (1764079712287)
2025-11-29 21:16:59,979 [FATAL] Updater:351 - Updater called before beeing initialized
2025-11-29 21:17:00,086 [WARN] DetailPanel:346 - Failed to get advertising image, set to default
2025-11-29 21:17:00,329 [FATAL] Updater:351 - Updater called before beeing initialized
2025-11-29 21:17:00,333 [FATAL] Updater:351 - Updater called before beeing initialized
2025-11-29 21:17:00,334 [FATAL] Updater:351 - Updater called before beeing initialized
2025-11-29 21:17:00,334 [WARN] DetailPanel:346 - Failed to get advertising image, set to default
2025-11-29 21:17:00,336 [FATAL] Updater:351 - Updater called before beeing initialized
2025-11-29 21:17:00,534 [ERROR] Updater:1198 - MainUpdater not yet initialized. External WinMGr cannot be set.
2025-11-29 21:17:00,549 [INFO] Updater:1134 - Updater Version found : 6.15.0
2025-11-29 21:17:00,600 [INFO] ApplicationProperties:184 - Using Application install path: C:\ST\STM32CubeIDE_1.19.0\STM32CubeIDE\plugins\com.st.stm32cube.common.mx_6.15.0.202507011659
2025-11-29 21:17:01,888 [FATAL] Updater:351 - Updater called before beeing initialized
2025-11-29 21:17:01,889 [ERROR] IntegrityCheckThread:130 - Cannot retrieve database content from updater: error 21
2025-11-29 21:17:01,890 [INFO] ThirdParty:978 - Integrity check success = false
2025-11-29 21:17:01,890 [INFO] IntegrityCheckThread:100 - exiting critical section [integrity check]
2025-11-29 21:17:01,890 [INFO] IntegrityCheckThread:103 - End integrity checks thread
2025-11-29 21:17:02,238 [ERROR] LogOutputStream:75 - [STDERR_REDIRECT] Nov 29, 2025 9:17:02 PM java.util.prefs.WindowsPreferences <init>
2025-11-29 21:17:02,241 [ERROR] LogOutputStream:75 - [STDERR_REDIRECT] WARNING: Could not open/create prefs root node Software\JavaSoft\Prefs at root 0xffffffff80000002. Windows RegCreateKeyEx(...) returned error code 5.
2025-11-29 21:17:02,243 [ERROR] LogOutputStream:75 - [STDERR_REDIRECT] 
2025-11-29 21:17:03,708 [INFO] MainUpdater:2872 - connection check result : 10
2025-11-29 21:17:03,710 [INFO] MainUpdater:289 - Updater Check For Update Now.
2025-11-29 21:17:03,711 [INFO] MicroXplorer:498 - Change Database Version : DB.6.0.150
2025-11-29 21:17:03,770 [INFO] McuFinderGlobals:63 - Set McuFinder mode to 2 (CubeIDE integrated)
2025-11-29 21:17:03,771 [INFO] UserAuth:171 - activating auth plugin
2025-11-29 21:17:03,789 [INFO] UserAuth:487 - Internet connection configuration mode: 1
2025-11-29 21:17:03,892 [INFO] JxBrowserEngine:152 - Initiate JxBrowser Engine with user profile folder
2025-11-29 21:17:04,270 [INFO] CheckServerUpdateThread:120 - End of CheckServer Thread
2025-11-29 21:17:06,859 [INFO] WebApp:169 - Instantiating new browser for Auth
2025-11-29 21:17:09,997 [INFO] WebApp:463 - Apply proxy settings
2025-11-29 21:17:10,003 [INFO] WebApp:548 - Chromium requires no authentication
2025-11-29 21:17:10,046 [INFO] WebApp:491 - Direct internet connection detected
2025-11-29 21:17:10,208 [INFO] WebApp:900 - Register for checkConnection events
2025-11-29 21:17:10,213 [INFO] WebApp:463 - Apply proxy settings
2025-11-29 21:17:10,213 [INFO] WebApp:548 - Chromium requires no authentication
2025-11-29 21:17:10,218 [INFO] WebApp:491 - Direct internet connection detected
2025-11-29 21:17:10,829 [INFO] WebApp:191 - Connection restablished
2025-11-29 21:17:12,850 [INFO] WebApp:225 - Starting web application
2025-11-29 21:17:12,870 [INFO] WebApp:593 - Web application path used C:\ST\STM32CubeIDE_1.19.0\STM32CubeIDE\plugins\com.st.stm32cube.common.mx_6.15.0.202507011659\db\plugins\mcufinder\reactClient1\index.html
2025-11-29 21:22:21,536 [ERROR] LogOutputStream:75 - [STDERR_REDIRECT] 
2025-11-29 21:22:21,540 [ERROR] LogOutputStream:75 - [STDERR_REDIRECT] 
2025-11-29 21:22:58,107 [INFO] Activator:176 - 


2025-11-29 21:22:58,110 [INFO] Activator:177 - !SESSION log4j initialized
2025-11-29 21:23:01,595 [INFO] LogOutputStream:77 - [STDOUT_REDIRECT] 
2025-11-29 21:23:13,993 [INFO] ApplicationProperties:184 - Using Application install path: C:\ST\STM32CubeIDE_1.19.0\STM32CubeIDE\plugins\com.st.stm32cube.common.mx_6.15.0.202507011659
2025-11-29 21:23:14,013 [INFO] DbMcusXml:78 - Set database path to: C:\ST\STM32CubeIDE_1.19.0\STM32CubeIDE\plugins\com.st.stm32cube.common.mx_6.15.0.202507011659\\db\/mcu/
2025-11-29 21:23:14,014 [INFO] ApiDb:274 - Set plugin database path to: C:\ST\STM32CubeIDE_1.19.0\STM32CubeIDE\plugins\com.st.stm32cube.common.mx_6.15.0.202507011659\\db\/plugins/boardmanager/
2025-11-29 21:23:14,014 [WARN] ApiDb:259 - Overriding images path with different value:  => C:\ST\STM32CubeIDE_1.19.0\STM32CubeIDE\plugins\com.st.stm32cube.common.mx_6.15.0.202507011659\\db\/plugins/mcufinder/images/
2025-11-29 21:23:14,020 [INFO] ApiDb:250 - Set database path to: C:\Users\24dvi\.stmcufinder\plugins\mcufinder//mcu/
2025-11-29 21:23:14,021 [INFO] DbMcusAds:125 - Set database path to: C:\Users\24dvi\.stmcufinder\plugins\mcufinder//mcu/
2025-11-29 21:23:14,028 [INFO] CrossReferenceDbSqlite:203 - Set database path to: C:\Users\24dvi\.stmcufinder\plugins\mcufinder//mcu/cs/
2025-11-29 21:23:14,177 [INFO] RulesReader:64 - Compatibility file has been processed (317 Rules)
2025-11-29 21:23:14,308 [INFO] DbMcusXml:78 - Set database path to: C:\ST\STM32CubeIDE_1.19.0\STM32CubeIDE\plugins\com.st.stm32cube.common.mx_6.15.0.202507011659\\db\/mcu/
2025-11-29 21:23:14,308 [INFO] ApiDb:274 - Set plugin database path to: C:\ST\STM32CubeIDE_1.19.0\STM32CubeIDE\plugins\com.st.stm32cube.common.mx_6.15.0.202507011659\\db\/plugins/boardmanager/
2025-11-29 21:23:14,308 [INFO] ApiDb:261 - Set plugin images path to: C:\ST\STM32CubeIDE_1.19.0\STM32CubeIDE\plugins\com.st.stm32cube.common.mx_6.15.0.202507011659\\db\/plugins/mcufinder/images/
2025-11-29 21:23:14,308 [WARN] DbFile:41 - Overriding database path with different value: C:\Users\24dvi\.stmcufinder\plugins\mcufinder/ => C:\Users\24dvi\.stmcufinder\plugins\mcufinder
2025-11-29 21:23:14,308 [INFO] ApiDb:250 - Set database path to: C:\Users\24dvi\.stmcufinder\plugins\mcufinder//mcu/
2025-11-29 21:23:14,310 [WARN] DbFile:41 - Overriding database path with different value: C:\Users\24dvi\.stmcufinder\plugins\mcufinder/ => C:\Users\24dvi\.stmcufinder\plugins\mcufinder
2025-11-29 21:23:14,310 [INFO] DbMcusAds:125 - Set database path to: C:\Users\24dvi\.stmcufinder\plugins\mcufinder//mcu/
2025-11-29 21:23:14,310 [WARN] DbFile:41 - Overriding database path with different value: C:\Users\24dvi\.stmcufinder\plugins\mcufinder/ => C:\Users\24dvi\.stmcufinder\plugins\mcufinder
2025-11-29 21:23:14,310 [WARN] DbFile:41 - Overriding database path with different value: C:\Users\24dvi\.stmcufinder\plugins\mcufinder/ => C:\Users\24dvi\.stmcufinder\plugins\mcufinder
2025-11-29 21:23:14,310 [INFO] CrossReferenceDbSqlite:203 - Set database path to: C:\Users\24dvi\.stmcufinder\plugins\mcufinder//mcu/cs/
2025-11-29 21:23:14,435 [INFO] MainPanel:274 - HeapMemory: 268435456
2025-11-29 21:23:14,546 [INFO] DbMcusXml:78 - Set database path to: C:\ST\STM32CubeIDE_1.19.0\STM32CubeIDE\plugins\com.st.stm32cube.common.mx_6.15.0.202507011659\\db\/mcu/
2025-11-29 21:23:14,546 [INFO] ApiDb:274 - Set plugin database path to: C:\ST\STM32CubeIDE_1.19.0\STM32CubeIDE\plugins\com.st.stm32cube.common.mx_6.15.0.202507011659\\db\/plugins/boardmanager/
2025-11-29 21:23:14,546 [INFO] ApiDb:261 - Set plugin images path to: C:\ST\STM32CubeIDE_1.19.0\STM32CubeIDE\plugins\com.st.stm32cube.common.mx_6.15.0.202507011659\\db\/plugins/mcufinder/images/
2025-11-29 21:23:14,546 [WARN] DbFile:41 - Overriding database path with different value: C:\Users\24dvi\.stmcufinder\plugins\mcufinder/ => C:\Users\24dvi\.stmcufinder\plugins\mcufinder
2025-11-29 21:23:14,546 [INFO] ApiDb:250 - Set database path to: C:\Users\24dvi\.stmcufinder\plugins\mcufinder//mcu/
2025-11-29 21:23:14,547 [WARN] DbFile:41 - Overriding database path with different value: C:\Users\24dvi\.stmcufinder\plugins\mcufinder/ => C:\Users\24dvi\.stmcufinder\plugins\mcufinder
2025-11-29 21:23:14,547 [INFO] DbMcusAds:125 - Set database path to: C:\Users\24dvi\.stmcufinder\plugins\mcufinder//mcu/
2025-11-29 21:23:14,547 [WARN] DbFile:41 - Overriding database path with different value: C:\Users\24dvi\.stmcufinder\plugins\mcufinder/ => C:\Users\24dvi\.stmcufinder\plugins\mcufinder
2025-11-29 21:23:14,547 [WARN] DbFile:41 - Overriding database path with different value: C:\Users\24dvi\.stmcufinder\plugins\mcufinder/ => C:\Users\24dvi\.stmcufinder\plugins\mcufinder
2025-11-29 21:23:14,547 [INFO] CrossReferenceDbSqlite:203 - Set database path to: C:\Users\24dvi\.stmcufinder\plugins\mcufinder//mcu/cs/
2025-11-29 21:23:14,569 [INFO] ApplicationProperties:184 - Using Application install path: C:\ST\STM32CubeIDE_1.19.0\STM32CubeIDE\plugins\com.st.stm32cube.common.mx_6.15.0.202507011659
2025-11-29 21:23:14,571 [INFO] PluginManage:196 - Search for loadable plugins [exclusion list=, ]
2025-11-29 21:23:14,573 [INFO] PluginManage:310 - Check plugin analytics
2025-11-29 21:23:15,057 [INFO] AnalyticsPlugin:253 - Accepted Software Licenses: 
2025-11-29 21:23:15,058 [INFO] AnalyticsPlugin:255 - Accepted CMSIS Pack Licenses: 
2025-11-29 21:23:15,059 [INFO] AnalyticsPlugin:257 - Accepted Firmware Licenses: 
2025-11-29 21:23:15,069 [INFO] PluginManage:359 - Loaded plugin analytics (category:tool,tabindex:-1)
2025-11-29 21:23:15,070 [INFO] PluginManage:310 - Check plugin cadmodel
2025-11-29 21:23:15,085 [INFO] CADModel:105 - Init CAD model plugin
2025-11-29 21:23:15,085 [INFO] PluginManage:359 - Loaded plugin cadmodel (category:power,tabindex:5)
2025-11-29 21:23:15,086 [INFO] PluginManage:310 - Check plugin clock
2025-11-29 21:23:15,114 [INFO] PluginManage:359 - Loaded plugin clock (category:base,tabindex:2)
2025-11-29 21:23:15,115 [INFO] PluginManage:310 - Check plugin ddr
2025-11-29 21:23:15,122 [INFO] PluginManage:359 - Loaded plugin ddr (category:tool,tabindex:6)
2025-11-29 21:23:15,123 [INFO] PluginManage:310 - Check plugin filemanager
2025-11-29 21:23:15,497 [INFO] PluginManage:359 - Loaded plugin filemanager (category:base,tabindex:10)
2025-11-29 21:23:15,498 [INFO] PluginManage:310 - Check plugin ipmanager
2025-11-29 21:23:15,515 [INFO] PluginManage:359 - Loaded plugin ipmanager (category:base,tabindex:5)
2025-11-29 21:23:15,515 [INFO] PluginManage:310 - Check plugin lpbam
2025-11-29 21:23:15,538 [INFO] PluginManage:359 - Loaded plugin lpbam (category:base,tabindex:0)
2025-11-29 21:23:15,539 [INFO] PluginManage:310 - Check plugin memorymap
2025-11-29 21:23:15,625 [INFO] PluginManage:359 - Loaded plugin memorymap (category:base,tabindex:4)
2025-11-29 21:23:15,625 [INFO] PluginManage:310 - Check plugin pinoutandconfiguration
2025-11-29 21:23:15,650 [INFO] PluginManage:359 - Loaded plugin pinoutandconfiguration (category:base,tabindex:1)
2025-11-29 21:23:15,651 [INFO] PluginManage:310 - Check plugin pinoutconfig
2025-11-29 21:23:15,877 [WARN] SupportedApi:132 - Cannot load RTOS API schema: s4s-elt-must-match.1: The content of 'definitions' must match (annotation?, (simpleType | complexType)?, (unique | key | keyref)*)). A problem was found starting at: attribute.
2025-11-29 21:23:16,498 [INFO] PluginManage:359 - Loaded plugin pinoutconfig (category:base,tabindex:0)
2025-11-29 21:23:16,499 [INFO] PluginManage:310 - Check plugin power
2025-11-29 21:23:16,526 [INFO] PluginManage:359 - Loaded plugin power (category:power,tabindex:4)
2025-11-29 21:23:16,527 [INFO] PluginManage:310 - Check plugin projectmanager
2025-11-29 21:23:16,569 [INFO] PluginManage:359 - Loaded plugin projectmanager (category:projectmanager,tabindex:4)
2025-11-29 21:23:16,569 [INFO] PluginManage:310 - Check plugin rif
2025-11-29 21:23:16,623 [INFO] PluginManage:359 - Loaded plugin rif (category:base,tabindex:3)
2025-11-29 21:23:16,624 [INFO] PluginManage:310 - Check plugin thirdparty
2025-11-29 21:23:17,425 [WARN] IntegrityCheckThread:84 - waiting for thirdparty lock release [integrity check]
2025-11-29 21:23:17,425 [INFO] IntegrityCheckThread:86 - entering critical section [integrity check]
2025-11-29 21:23:17,426 [INFO] ThirdPartyUpdaterWithRetryManager:70 - Updater plugin not ready yet. [1/15]
2025-11-29 21:23:17,428 [INFO] PluginManage:359 - Loaded plugin thirdparty (category:base,tabindex:-1)
2025-11-29 21:23:17,428 [INFO] PluginManage:310 - Check plugin tools
2025-11-29 21:23:17,440 [INFO] PluginManage:359 - Loaded plugin tools (category:base,tabindex:7)
2025-11-29 21:23:17,441 [INFO] PluginManage:310 - Check plugin tutovideos
2025-11-29 21:23:17,650 [FATAL] PluginManage:371 - Exception caught
java.lang.reflect.InvocationTargetException: null
	at jdk.internal.reflect.DirectConstructorHandleAccessor.newInstance(DirectConstructorHandleAccessor.java:74) ~[?:?]
	at java.lang.reflect.Constructor.newInstanceWithCaller(Constructor.java:502) ~[?:?]
	at java.lang.reflect.Constructor.newInstance(Constructor.java:486) ~[?:?]
	at com.st.microxplorer.plugin.PluginManage.loadPluginJar(PluginManage.java:352) ~[STM32CubeMX.jar:?]
	at com.st.microxplorer.plugin.PluginManage.PluginSearch(PluginManage.java:224) ~[STM32CubeMX.jar:?]
	at com.st.microxplorer.plugin.PluginManage.PluginDiscovery(PluginManage.java:67) ~[STM32CubeMX.jar:?]
	at com.st.microxplorer.maingui.MainPanel.initialization(MainPanel.java:332) ~[STM32CubeMX.jar:?]
	at com.st.microxplorer.maingui.AppletMainFrameCubeIde.init(AppletMainFrameCubeIde.java:242) ~[STM32CubeMX.jar:?]
	at com.st.stm32cube.common.mx.core.CubeMxInstance.<init>(CubeMxInstance.java:117) ~[com.st.stm32cube.common.mx_6.15.0.202507011659/:?]
	at com.st.stm32cube.common.mx.core.CubeMxInstance.getInstance(CubeMxInstance.java:91) ~[com.st.stm32cube.common.mx_6.15.0.202507011659/:?]
	at com.st.stm32cube.common.mx.userauth.UserAuthAdapter.<init>(UserAuthAdapter.java:25) ~[com.st.stm32cube.common.mx_6.15.0.202507011659/:?]
	at com.st.stm32cube.common.mx.userauth.UserAuthProvider.getUserAuthAdapter(UserAuthProvider.java:16) ~[com.st.stm32cube.common.mx_6.15.0.202507011659/:?]
	at com.st.stm32cube.common.ecosystemintegration.ui.core.MCUEcoSystemIntegrationUiHelper.getUserAuth(MCUEcoSystemIntegrationUiHelper.java:100) ~[?:?]
	at com.st.stm32cube.ide.mcu.userauth.UserAuthStartup.earlyStartup(UserAuthStartup.java:32) ~[?:?]
	at org.eclipse.ui.internal.EarlyStartupRunnable.runEarlyStartup(EarlyStartupRunnable.java:79) ~[?:?]
	at org.eclipse.ui.internal.EarlyStartupRunnable.run(EarlyStartupRunnable.java:55) ~[?:?]
	at org.eclipse.core.runtime.SafeRunner.run(SafeRunner.java:47) ~[org.eclipse.equinox.common_3.19.100.v20240524-2011.jar:?]
	at org.eclipse.ui.internal.Workbench$39.run(Workbench.java:2733) ~[?:?]
	at org.eclipse.core.internal.jobs.Worker.run(Worker.java:63) ~[?:?]
Caused by: java.lang.IllegalStateException: Module has been uninstalled. osgi.identity; type="osgi.bundle"; version:Version="6.15.0.202507011659"; osgi.identity="com.st.stm32cube.common.mx"; singleton:="true" [id=13]
	at org.eclipse.osgi.container.Module.checkValid(Module.java:593) ~[?:?]
	at org.eclipse.osgi.container.Module.start(Module.java:449) ~[?:?]
	at org.eclipse.osgi.framework.util.SecureAction.start(SecureAction.java:528) ~[?:?]
	at org.eclipse.osgi.internal.hooks.EclipseLazyStarter.postFindLocalClass(EclipseLazyStarter.java:122) ~[?:?]
	at org.eclipse.osgi.internal.loader.classpath.ClasspathManager.findLocalClass(ClasspathManager.java:620) ~[?:?]
	at org.eclipse.osgi.internal.loader.ModuleClassLoader.findLocalClass(ModuleClassLoader.java:348) ~[?:?]
	at org.eclipse.osgi.internal.loader.BundleLoader.findLocalClass(BundleLoader.java:414) ~[?:?]
	at org.eclipse.osgi.internal.loader.BundleLoader.findClass0(BundleLoader.java:520) ~[?:?]
	at org.eclipse.osgi.internal.loader.BundleLoader.findClass(BundleLoader.java:434) ~[?:?]
	at org.eclipse.osgi.internal.loader.ModuleClassLoader.loadClass(ModuleClassLoader.java:174) ~[?:?]
	at java.lang.ClassLoader.loadClass(ClassLoader.java:526) ~[?:?]
	at com.fasterxml.jackson.databind.cfg.CoercionConfigs.<init>(CoercionConfigs.java:49) ~[STM32CubeMX.jar:?]
	at com.fasterxml.jackson.databind.ObjectMapper.<init>(ObjectMapper.java:698) ~[STM32CubeMX.jar:?]
	at com.fasterxml.jackson.databind.ObjectMapper.<init>(ObjectMapper.java:605) ~[STM32CubeMX.jar:?]
	at com.st.microxplorer.plugins.tutovideos.TutoVideosMain.loadTutoVideoDB(TutoVideosMain.java:157) ~[?:?]
	at com.st.microxplorer.plugins.tutovideos.TutoVideosPlugin.<init>(TutoVideosPlugin.java:76) ~[?:?]
	at jdk.internal.reflect.DirectConstructorHandleAccessor.newInstance(DirectConstructorHandleAccessor.java:62) ~[?:?]
	... 18 more
